Archive member included to satisfy reference by file (symbol)

c:/program files (x86)/atollic/truestudio for stm32 9.3.0/armtools/bin/../lib/gcc/arm-atollic-eabi/6.3.1/../../../../arm-atollic-eabi/lib/armv7-m\libc_nano.a(lib_a-errno.o)
                              Src\syscalls.o (__errno)
c:/program files (x86)/atollic/truestudio for stm32 9.3.0/armtools/bin/../lib/gcc/arm-atollic-eabi/6.3.1/../../../../arm-atollic-eabi/lib/armv7-m\libc_nano.a(lib_a-impure.o)
                              c:/program files (x86)/atollic/truestudio for stm32 9.3.0/armtools/bin/../lib/gcc/arm-atollic-eabi/6.3.1/../../../../arm-atollic-eabi/lib/armv7-m\libc_nano.a(lib_a-errno.o) (_impure_ptr)
c:/program files (x86)/atollic/truestudio for stm32 9.3.0/armtools/bin/../lib/gcc/arm-atollic-eabi/6.3.1/../../../../arm-atollic-eabi/lib/armv7-m\libc_nano.a(lib_a-init.o)
                              startup\startup_stm32f107xc.o (__libc_init_array)
c:/program files (x86)/atollic/truestudio for stm32 9.3.0/armtools/bin/../lib/gcc/arm-atollic-eabi/6.3.1/../../../../arm-atollic-eabi/lib/armv7-m\libc_nano.a(lib_a-memset.o)
                              Drivers\STM32F1xx_HAL_Driver\Src\stm32f1xx_hal_rcc.o (memset)
c:/program files (x86)/atollic/truestudio for stm32 9.3.0/armtools/bin/../lib/gcc/arm-atollic-eabi/6.3.1/armv7-m\libgcc.a(_lshrdi3.o)
                              Drivers\STM32F1xx_HAL_Driver\Src\stm32f1xx_hal_flash.o (__aeabi_llsr)
c:/program files (x86)/atollic/truestudio for stm32 9.3.0/armtools/bin/../lib/gcc/arm-atollic-eabi/6.3.1/armv7-m\libgcc.a(_aeabi_uldivmod.o)
                              Drivers\STM32F1xx_HAL_Driver\Src\stm32f1xx_hal_rcc.o (__aeabi_uldivmod)
c:/program files (x86)/atollic/truestudio for stm32 9.3.0/armtools/bin/../lib/gcc/arm-atollic-eabi/6.3.1/armv7-m\libgcc.a(_udivmoddi4.o)
                              c:/program files (x86)/atollic/truestudio for stm32 9.3.0/armtools/bin/../lib/gcc/arm-atollic-eabi/6.3.1/armv7-m\libgcc.a(_aeabi_uldivmod.o) (__udivmoddi4)
c:/program files (x86)/atollic/truestudio for stm32 9.3.0/armtools/bin/../lib/gcc/arm-atollic-eabi/6.3.1/armv7-m\libgcc.a(_dvmd_tls.o)
                              c:/program files (x86)/atollic/truestudio for stm32 9.3.0/armtools/bin/../lib/gcc/arm-atollic-eabi/6.3.1/armv7-m\libgcc.a(_aeabi_uldivmod.o) (__aeabi_ldiv0)

Allocating common symbols
Common symbol       size              file

hUsbDeviceFS        0x2c4             Src\usb_device.o
hpcd_USB_OTG_FS     0x400             Src\usbd_conf.o
uwTick              0x4               Drivers\STM32F1xx_HAL_Driver\Src\stm32f1xx_hal.o
pFlash              0x20              Drivers\STM32F1xx_HAL_Driver\Src\stm32f1xx_hal_flash.o
UserRxBufferFS      0x3e8             Src\usbd_cdc_if.o
UserTxBufferFS      0x3e8             Src\usbd_cdc_if.o
USBD_StrDesc        0x200             Src\usbd_desc.o

Discarded input sections

 .text          0x00000000        0x0 c:/program files (x86)/atollic/truestudio for stm32 9.3.0/armtools/bin/../lib/gcc/arm-atollic-eabi/6.3.1/armv7-m/crti.o
 .data          0x00000000        0x0 c:/program files (x86)/atollic/truestudio for stm32 9.3.0/armtools/bin/../lib/gcc/arm-atollic-eabi/6.3.1/armv7-m/crti.o
 .bss           0x00000000        0x0 c:/program files (x86)/atollic/truestudio for stm32 9.3.0/armtools/bin/../lib/gcc/arm-atollic-eabi/6.3.1/armv7-m/crti.o
 .data          0x00000000        0x4 c:/program files (x86)/atollic/truestudio for stm32 9.3.0/armtools/bin/../lib/gcc/arm-atollic-eabi/6.3.1/armv7-m/crtbegin.o
 .text          0x00000000        0x0 Drivers\STM32F1xx_HAL_Driver\Src\stm32f1xx_hal.o
 .data          0x00000000        0x0 Drivers\STM32F1xx_HAL_Driver\Src\stm32f1xx_hal.o
 .bss           0x00000000        0x0 Drivers\STM32F1xx_HAL_Driver\Src\stm32f1xx_hal.o
 .text.HAL_MspInit
                0x00000000        0x2 Drivers\STM32F1xx_HAL_Driver\Src\stm32f1xx_hal.o
 .text.HAL_MspDeInit
                0x00000000        0x2 Drivers\STM32F1xx_HAL_Driver\Src\stm32f1xx_hal.o
 .text.HAL_DeInit
                0x00000000       0x24 Drivers\STM32F1xx_HAL_Driver\Src\stm32f1xx_hal.o
 .text.HAL_GetTickPrio
                0x00000000        0xc Drivers\STM32F1xx_HAL_Driver\Src\stm32f1xx_hal.o
 .text.HAL_SetTickFreq
                0x00000000       0x28 Drivers\STM32F1xx_HAL_Driver\Src\stm32f1xx_hal.o
 .text.HAL_GetTickFreq
                0x00000000        0xc Drivers\STM32F1xx_HAL_Driver\Src\stm32f1xx_hal.o
 .text.HAL_SuspendTick
                0x00000000       0x10 Drivers\STM32F1xx_HAL_Driver\Src\stm32f1xx_hal.o
 .text.HAL_ResumeTick
                0x00000000       0x10 Drivers\STM32F1xx_HAL_Driver\Src\stm32f1xx_hal.o
 .text.HAL_GetHalVersion
                0x00000000        0x8 Drivers\STM32F1xx_HAL_Driver\Src\stm32f1xx_hal.o
 .text.HAL_GetREVID
                0x00000000        0xc Drivers\STM32F1xx_HAL_Driver\Src\stm32f1xx_hal.o
 .text.HAL_GetDEVID
                0x00000000       0x10 Drivers\STM32F1xx_HAL_Driver\Src\stm32f1xx_hal.o
 .text.HAL_GetUIDw0
[...]
Memory Configuration

Name             Origin             Length             Attributes
RAM              0x20000000         0x00010000         xrw
FLASH            0x08000000         0x00040000         xr
*default*        0x00000000         0xffffffff

Linker script and memory map

LOAD c:/program files (x86)/atollic/truestudio for stm32 9.3.0/armtools/bin/../lib/gcc/arm-atollic-eabi/6.3.1/armv7-m/crti.o
LOAD c:/program files (x86)/atollic/truestudio for stm32 9.3.0/armtools/bin/../lib/gcc/arm-atollic-eabi/6.3.1/armv7-m/crtbegin.o
LOAD Drivers\STM32F1xx_HAL_Driver\Src\stm32f1xx_hal.o
LOAD Drivers\STM32F1xx_HAL_Driver\Src\stm32f1xx_hal_cortex.o
LOAD Drivers\STM32F1xx_HAL_Driver\Src\stm32f1xx_hal_dma.o
LOAD Drivers\STM32F1xx_HAL_Driver\Src\stm32f1xx_hal_exti.o
LOAD Drivers\STM32F1xx_HAL_Driver\Src\stm32f1xx_hal_flash.o
LOAD Drivers\STM32F1xx_HAL_Driver\Src\stm32f1xx_hal_flash_ex.o
LOAD Drivers\STM32F1xx_HAL_Driver\Src\stm32f1xx_hal_gpio.o
LOAD Drivers\STM32F1xx_HAL_Driver\Src\stm32f1xx_hal_gpio_ex.o
LOAD Drivers\STM32F1xx_HAL_Driver\Src\stm32f1xx_hal_pcd.o
LOAD Drivers\STM32F1xx_HAL_Driver\Src\stm32f1xx_hal_pcd_ex.o
LOAD Drivers\STM32F1xx_HAL_Driver\Src\stm32f1xx_hal_pwr.o
LOAD Drivers\STM32F1xx_HAL_Driver\Src\stm32f1xx_hal_rcc.o
LOAD Drivers\STM32F1xx_HAL_Driver\Src\stm32f1xx_hal_rcc_ex.o
LOAD Drivers\STM32F1xx_HAL_Driver\Src\stm32f1xx_hal_tim.o
LOAD Drivers\STM32F1xx_HAL_Driver\Src\stm32f1xx_hal_tim_ex.o
LOAD Drivers\STM32F1xx_HAL_Driver\Src\stm32f1xx_ll_usb.o
LOAD Middlewares\ST\STM32_USB_Device_Library\Class\CDC\Src\usbd_cdc.o
LOAD Middlewares\ST\STM32_USB_Device_Library\Core\Src\usbd_core.o
LOAD Middlewares\ST\STM32_USB_Device_Library\Core\Src\usbd_ctlreq.o
LOAD Middlewares\ST\STM32_USB_Device_Library\Core\Src\usbd_ioreq.o
LOAD Src\gpio.o
LOAD Src\main.o
LOAD Src\stm32f1xx_hal_msp.o
LOAD Src\stm32f1xx_it.o
LOAD Src\syscalls.o
LOAD Src\system_stm32f1xx.o
LOAD Src\usb_device.o
LOAD Src\usbd_cdc_if.o
LOAD Src\usbd_conf.o
LOAD Src\usbd_desc.o
LOAD startup\startup_stm32f107xc.o
                0x00000080                malloc_getpagesize_P = 0x80
START GROUP
LOAD c:/program files (x86)/atollic/truestudio for stm32 9.3.0/armtools/bin/../lib/gcc/arm-atollic-eabi/6.3.1/../../../../arm-atollic-eabi/lib/armv7-m\libc_nano.a
LOAD c:/program files (x86)/atollic/truestudio for stm32 9.3.0/armtools/bin/../lib/gcc/arm-atollic-eabi/6.3.1/../../../../arm-atollic-eabi/lib/armv7-m\libm.a
END GROUP
START GROUP
LOAD c:/program files (x86)/atollic/truestudio for stm32 9.3.0/armtools/bin/../lib/gcc/arm-atollic-eabi/6.3.1/armv7-m\libgcc.a
LOAD c:/program files (x86)/atollic/truestudio for stm32 9.3.0/armtools/bin/../lib/gcc/arm-atollic-eabi/6.3.1/../../../../arm-atollic-eabi/lib/armv7-m\libc_nano.a
END GROUP
START GROUP
LOAD c:/program files (x86)/atollic/truestudio for stm32 9.3.0/armtools/bin/../lib/gcc/arm-atollic-eabi/6.3.1/armv7-m\libgcc.a
LOAD c:/program files (x86)/atollic/truestudio for stm32 9.3.0/armtools/bin/../lib/gcc/arm-atollic-eabi/6.3.1/../../../../arm-atollic-eabi/lib/armv7-m\libc_nano.a
LOAD c:/program files (x86)/atollic/truestudio for stm32 9.3.0/armtools/bin/../lib/gcc/arm-atollic-eabi/6.3.1/../../../../arm-atollic-eabi/lib/armv7-m\libnosys.a
END GROUP
START GROUP
LOAD c:/program files (x86)/atollic/truestudio for stm32 9.3.0/armtools/bin/../lib/gcc/arm-atollic-eabi/6.3.1/armv7-m\libgcc.a
LOAD c:/program files (x86)/atollic/truestudio for stm32 9.3.0/armtools/bin/../lib/gcc/arm-atollic-eabi/6.3.1/../../../../arm-atollic-eabi/lib/armv7-m\libc_nano.a
LOAD c:/program files (x86)/atollic/truestudio for stm32 9.3.0/armtools/bin/../lib/gcc/arm-atollic-eabi/6.3.1/../../../../arm-atollic-eabi/lib/armv7-m\libnosys.a
END GROUP
LOAD c:/program files (x86)/atollic/truestudio for stm32 9.3.0/armtools/bin/../lib/gcc/arm-atollic-eabi/6.3.1/armv7-m/crtend.o
LOAD c:/program files (x86)/atollic/truestudio for stm32 9.3.0/armtools/bin/../lib/gcc/arm-atollic-eabi/6.3.1/armv7-m/crtn.o
                0x20010000                _estack = 0x20010000
                0x00000200                _Min_Heap_Size = 0x200
                0x00000400                _Min_Stack_Size = 0x400

.isr_vector     0x08000000      0x1e4
                0x08000000                . = ALIGN (0x4)
 *(.isr_vector)
 .isr_vector    0x08000000      0x1e4 startup\startup_stm32f107xc.o
                0x08000000                g_pfnVectors
                0x080001e4                . = ALIGN (0x4)

.text           0x080001e4     0x2d60
                0x080001e4                . = ALIGN (0x4)
 *(.text)
 .text          0x080001e4       0x40 c:/program files (x86)/atollic/truestudio for stm32 9.3.0/armtools/bin/../lib/gcc/arm-atollic-eabi/6.3.1/armv7-m/crtbegin.o
 .text          0x08000224       0x30 c:/program files (x86)/atollic/truestudio for stm32 9.3.0/armtools/bin/../lib/gcc/arm-atollic-eabi/6.3.1/armv7-m\libgcc.a(_aeabi_uldivmod.o)
                0x08000224                __aeabi_uldivmod
 .text          0x08000254      0x2dc c:/program files (x86)/atollic/truestudio for stm32 9.3.0/armtools/bin/../lib/gcc/arm-atollic-eabi/6.3.1/armv7-m\libgcc.a(_udivmoddi4.o)
                0x08000254                __udivmoddi4
 .text          0x08000530        0x4 c:/program files (x86)/atollic/truestudio for stm32 9.3.0/armtools/bin/../lib/gcc/arm-atollic-eabi/6.3.1/armv7-m\libgcc.a(_dvmd_tls.o)
                0x08000530                __aeabi_idiv0
                0x08000530                __aeabi_ldiv0
 *(.text*)
 .text.HAL_InitTick
                0x08000534       0x48 Drivers\STM32F1xx_HAL_Driver\Src\stm32f1xx_hal.o
                0x08000534                HAL_InitTick
 .text.HAL_Init
                0x0800057c       0x24 Drivers\STM32F1xx_HAL_Driver\Src\stm32f1xx_hal.o
                0x0800057c                HAL_Init
 .text.HAL_IncTick
                0x080005a0       0x18 Drivers\STM32F1xx_HAL_Driver\Src\stm32f1xx_hal.o
                0x080005a0                HAL_IncTick
 .text.HAL_GetTick
                0x080005b8        0xc Drivers\STM32F1xx_HAL_Driver\Src\stm32f1xx_hal.o
                0x080005b8                HAL_GetTick
 .text.HAL_Delay
                0x080005c4       0x24 Drivers\STM32F1xx_HAL_Driver\Src\stm32f1xx_hal.o
                0x080005c4                HAL_Delay
 .text.HAL_NVIC_SetPriorityGrouping
                0x080005e8       0x24 Drivers\STM32F1xx_HAL_Driver\Src\stm32f1xx_hal_cortex.o
                0x080005e8                HAL_NVIC_SetPriorityGrouping
 .text.HAL_NVIC_SetPriority
                0x0800060c       0x68 Drivers\STM32F1xx_HAL_Driver\Src\stm32f1xx_hal_cortex.o
                0x0800060c                HAL_NVIC_SetPriority
 .text.HAL_NVIC_EnableIRQ
                0x08000674       0x1c Drivers\STM32F1xx_HAL_Driver\Src\stm32f1xx_hal_cortex.o
                0x08000674                HAL_NVIC_EnableIRQ
 .text.HAL_SYSTICK_Config
                0x08000690       0x2c Drivers\STM32F1xx_HAL_Driver\Src\stm32f1xx_hal_cortex.o
                0x08000690                HAL_SYSTICK_Config
 .text.HAL_PCD_Init
                0x080006bc      0x10e Drivers\STM32F1xx_HAL_Driver\Src\stm32f1xx_hal_pcd.o
                0x080006bc                HAL_PCD_Init
 .text.HAL_PCD_Start
                0x080007ca       0x2a Drivers\STM32F1xx_HAL_Driver\Src\stm32f1xx_hal_pcd.o
                0x080007ca                HAL_PCD_Start
 .text.HAL_PCD_IRQHandler
                0x080007f4      0x46c Drivers\STM32F1xx_HAL_Driver\Src\stm32f1xx_hal_pcd.o
                0x080007f4                HAL_PCD_IRQHandler
 .text.HAL_PCD_SetAddress
                0x08000c60       0x28 Drivers\STM32F1xx_HAL_Driver\Src\stm32f1xx_hal_pcd.o
                0x08000c60                HAL_PCD_SetAddress
 .text.HAL_PCD_EP_Open
                0x08000c88       0x68 Drivers\STM32F1xx_HAL_Driver\Src\stm32f1xx_hal_pcd.o
                0x08000c88                HAL_PCD_EP_Open
 .text.HAL_PCD_EP_Close
                0x08000cf0       0x54 Drivers\STM32F1xx_HAL_Driver\Src\stm32f1xx_hal_pcd.o
                0x08000cf0                HAL_PCD_EP_Close
 .text.HAL_PCD_EP_Receive
                0x08000d44       0x3a Drivers\STM32F1xx_HAL_Driver\Src\stm32f1xx_hal_pcd.o
                0x08000d44                HAL_PCD_EP_Receive
 .text.HAL_PCD_EP_GetRxCount
                0x08000d7e       0x10 Drivers\STM32F1xx_HAL_Driver\Src\stm32f1xx_hal_pcd.o
                0x08000d7e                HAL_PCD_EP_GetRxCount
 .text.HAL_PCD_EP_Transmit
                0x08000d8e       0x36 Drivers\STM32F1xx_HAL_Driver\Src\stm32f1xx_hal_pcd.o
                0x08000d8e                HAL_PCD_EP_Transmit
 .text.HAL_PCD_EP_SetStall
                0x08000dc4       0x6e Drivers\STM32F1xx_HAL_Driver\Src\stm32f1xx_hal_pcd.o
                0x08000dc4                HAL_PCD_EP_SetStall
 .text.HAL_PCD_EP_ClrStall
                0x08000e32       0x62 Drivers\STM32F1xx_HAL_Driver\Src\stm32f1xx_hal_pcd.o
                0x08000e32                HAL_PCD_EP_ClrStall
 .text.HAL_PCDEx_SetTxFiFo
                0x08000e94       0x42 Drivers\STM32F1xx_HAL_Driver\Src\stm32f1xx_hal_pcd_ex.o
                0x08000e94                HAL_PCDEx_SetTxFiFo
 .text.HAL_PCDEx_SetRxFiFo
                0x08000ed6        0x8 Drivers\STM32F1xx_HAL_Driver\Src\stm32f1xx_hal_pcd_ex.o
                0x08000ed6                HAL_PCDEx_SetRxFiFo
 *fill*         0x08000ede        0x2 
 .text.HAL_RCC_OscConfig
                0x08000ee0      0x400 Drivers\STM32F1xx_HAL_Driver\Src\stm32f1xx_hal_rcc.o
                0x08000ee0                HAL_RCC_OscConfig
 .text.HAL_RCC_GetSysClockFreq
                0x080012e0       0xd0 Drivers\STM32F1xx_HAL_Driver\Src\stm32f1xx_hal_rcc.o
                0x080012e0                HAL_RCC_GetSysClockFreq
 .text.HAL_RCC_ClockConfig
                0x080013b0      0x13c Drivers\STM32F1xx_HAL_Driver\Src\stm32f1xx_hal_rcc.o
                0x080013b0                HAL_RCC_ClockConfig
 .text.HAL_RCC_GetHCLKFreq
                0x080014ec        0xc Drivers\STM32F1xx_HAL_Driver\Src\stm32f1xx_hal_rcc.o
                0x080014ec                HAL_RCC_GetHCLKFreq
 .text.HAL_RCCEx_PeriphCLKConfig
                0x080014f8      0x17c Drivers\STM32F1xx_HAL_Driver\Src\stm32f1xx_hal_rcc_ex.o
                0x080014f8                HAL_RCCEx_PeriphCLKConfig
 .text.USB_CoreReset
                0x08001674       0x30 Drivers\STM32F1xx_HAL_Driver\Src\stm32f1xx_ll_usb.o
 .text.USB_CoreInit
                0x080016a4       0x62 Drivers\STM32F1xx_HAL_Driver\Src\stm32f1xx_ll_usb.o
                0x080016a4                USB_CoreInit
 *fill*         0x08001706        0x2 
 .text.USB_SetTurnaroundTime
                0x08001708       0xe8 Drivers\STM32F1xx_HAL_Driver\Src\stm32f1xx_ll_usb.o
                0x08001708                USB_SetTurnaroundTime
 .text.USB_EnableGlobalInt
                0x080017f0        0xc Drivers\STM32F1xx_HAL_Driver\Src\stm32f1xx_ll_usb.o
                0x080017f0                USB_EnableGlobalInt
 .text.USB_DisableGlobalInt
                0x080017fc        0xc Drivers\STM32F1xx_HAL_Driver\Src\stm32f1xx_ll_usb.o
                0x080017fc                USB_DisableGlobalInt
 .text.USB_SetCurrentMode
                0x08001808       0x2e Drivers\STM32F1xx_HAL_Driver\Src\stm32f1xx_ll_usb.o
                0x08001808                USB_SetCurrentMode
 *fill*         0x08001836        0x2 
 .text.USB_FlushTxFifo
                0x08001838       0x24 Drivers\STM32F1xx_HAL_Driver\Src\stm32f1xx_ll_usb.o
                0x08001838                USB_FlushTxFifo
 .text.USB_FlushRxFifo
                0x0800185c       0x20 Drivers\STM32F1xx_HAL_Driver\Src\stm32f1xx_ll_usb.o
                0x0800185c                USB_FlushRxFifo
 .text.USB_SetDevSpeed
                0x0800187c        0xe Drivers\STM32F1xx_HAL_Driver\Src\stm32f1xx_ll_usb.o
                0x0800187c                USB_SetDevSpeed
 *fill*         0x0800188a        0x2 
 .text.USB_DevInit
                0x0800188c      0x12c Drivers\STM32F1xx_HAL_Driver\Src\stm32f1xx_ll_usb.o
                0x0800188c                USB_DevInit
 .text.USB_GetDevSpeed
                0x080019b8       0x14 Drivers\STM32F1xx_HAL_Driver\Src\stm32f1xx_ll_usb.o
                0x080019b8                USB_GetDevSpeed
 .text.USB_ActivateEndpoint
                0x080019cc       0x84 Drivers\STM32F1xx_HAL_Driver\Src\stm32f1xx_ll_usb.o
                0x080019cc                USB_ActivateEndpoint
 .text.USB_DeactivateEndpoint
                0x08001a50       0x64 Drivers\STM32F1xx_HAL_Driver\Src\stm32f1xx_ll_usb.o
                0x08001a50                USB_DeactivateEndpoint
 .text.USB_EP0StartXfer
                0x08001ab4       0xe0 Drivers\STM32F1xx_HAL_Driver\Src\stm32f1xx_ll_usb.o
                0x08001ab4                USB_EP0StartXfer
 .text.USB_WritePacket
                0x08001b94       0x20 Drivers\STM32F1xx_HAL_Driver\Src\stm32f1xx_ll_usb.o
                0x08001b94                USB_WritePacket
 .text.USB_EPStartXfer
                0x08001bb4      0x16c Drivers\STM32F1xx_HAL_Driver\Src\stm32f1xx_ll_usb.o
                0x08001bb4                USB_EPStartXfer
 .text.USB_ReadPacket
                0x08001d20       0x1c Drivers\STM32F1xx_HAL_Driver\Src\stm32f1xx_ll_usb.o
                0x08001d20                USB_ReadPacket
 .text.USB_EPSetStall
                0x08001d3c       0x58 Drivers\STM32F1xx_HAL_Driver\Src\stm32f1xx_ll_usb.o
                0x08001d3c                USB_EPSetStall
 .text.USB_EPClearStall
                0x08001d94       0x52 Drivers\STM32F1xx_HAL_Driver\Src\stm32f1xx_ll_usb.o
                0x08001d94                USB_EPClearStall
 .text.USB_SetDevAddress
                0x08001de6       0x20 Drivers\STM32F1xx_HAL_Driver\Src\stm32f1xx_ll_usb.o
                0x08001de6                USB_SetDevAddress
 .text.USB_DevConnect
                0x08001e06       0x18 Drivers\STM32F1xx_HAL_Driver\Src\stm32f1xx_ll_usb.o
                0x08001e06                USB_DevConnect
 .text.USB_DevDisconnect
                0x08001e1e       0x18 Drivers\STM32F1xx_HAL_Driver\Src\stm32f1xx_ll_usb.o
                0x08001e1e                USB_DevDisconnect
 .text.USB_ReadInterrupts
                0x08001e36        0x8 Drivers\STM32F1xx_HAL_Driver\Src\stm32f1xx_ll_usb.o
                0x08001e36                USB_ReadInterrupts
 .text.USB_ReadDevAllOutEpInterrupt
                0x08001e3e       0x10 Drivers\STM32F1xx_HAL_Driver\Src\stm32f1xx_ll_usb.o
                0x08001e3e                USB_ReadDevAllOutEpInterrupt
 .text.USB_ReadDevAllInEpInterrupt
                0x08001e4e       0x10 Drivers\STM32F1xx_HAL_Driver\Src\stm32f1xx_ll_usb.o
                0x08001e4e                USB_ReadDevAllInEpInterrupt
 .text.USB_ReadDevOutEPInterrupt
                0x08001e5e       0x12 Drivers\STM32F1xx_HAL_Driver\Src\stm32f1xx_ll_usb.o
                0x08001e5e                USB_ReadDevOutEPInterrupt
 .text.USB_ReadDevInEPInterrupt
                0x08001e70       0x24 Drivers\STM32F1xx_HAL_Driver\Src\stm32f1xx_ll_usb.o
                0x08001e70                USB_ReadDevInEPInterrupt
 .text.USB_GetMode
                0x08001e94        0x8 Drivers\STM32F1xx_HAL_Driver\Src\stm32f1xx_ll_usb.o
                0x08001e94                USB_GetMode
 .text.USB_ActivateSetup
                0x08001e9c       0x20 Drivers\STM32F1xx_HAL_Driver\Src\stm32f1xx_ll_usb.o
                0x08001e9c                USB_ActivateSetup
 .text.USB_EP0_OutStart
                0x08001ebc       0x44 Drivers\STM32F1xx_HAL_Driver\Src\stm32f1xx_ll_usb.o
                0x08001ebc                USB_EP0_OutStart
 .text.USBD_CDC_EP0_RxReady
                0x08001f00       0x28 Middlewares\ST\STM32_USB_Device_Library\Class\CDC\Src\usbd_cdc.o
 .text.USBD_CDC_GetFSCfgDesc
                0x08001f28        0xc Middlewares\ST\STM32_USB_Device_Library\Class\CDC\Src\usbd_cdc.o
 .text.USBD_CDC_GetHSCfgDesc
                0x08001f34        0xc Middlewares\ST\STM32_USB_Device_Library\Class\CDC\Src\usbd_cdc.o
 .text.USBD_CDC_GetOtherSpeedCfgDesc
                0x08001f40        0xc Middlewares\ST\STM32_USB_Device_Library\Class\CDC\Src\usbd_cdc.o
 .text.USBD_CDC_GetDeviceQualifierDescriptor
                0x08001f4c        0xc Middlewares\ST\STM32_USB_Device_Library\Class\CDC\Src\usbd_cdc.o
                0x08001f4c                USBD_CDC_GetDeviceQualifierDescriptor
 .text.USBD_CDC_DataOut
                0x08001f58       0x2e Middlewares\ST\STM32_USB_Device_Library\Class\CDC\Src\usbd_cdc.o
 .text.USBD_CDC_DataIn
                0x08001f86       0x42 Middlewares\ST\STM32_USB_Device_Library\Class\CDC\Src\usbd_cdc.o
 .text.USBD_CDC_Setup
                0x08001fc8       0xbc Middlewares\ST\STM32_USB_Device_Library\Class\CDC\Src\usbd_cdc.o
 .text.USBD_CDC_DeInit
                0x08002084       0x42 Middlewares\ST\STM32_USB_Device_Library\Class\CDC\Src\usbd_cdc.o
 .text.USBD_CDC_Init
                0x080020c6       0xaa Middlewares\ST\STM32_USB_Device_Library\Class\CDC\Src\usbd_cdc.o
 .text.USBD_CDC_RegisterInterface
                0x08002170        0xe Middlewares\ST\STM32_USB_Device_Library\Class\CDC\Src\usbd_cdc.o
                0x08002170                USBD_CDC_RegisterInterface
 .text.USBD_CDC_SetTxBuffer
                0x0800217e       0x10 Middlewares\ST\STM32_USB_Device_Library\Class\CDC\Src\usbd_cdc.o
                0x0800217e                USBD_CDC_SetTxBuffer
 .text.USBD_CDC_SetRxBuffer
                0x0800218e        0xc Middlewares\ST\STM32_USB_Device_Library\Class\CDC\Src\usbd_cdc.o
                0x0800218e                USBD_CDC_SetRxBuffer
 .text.USBD_CDC_ReceivePacket
                0x0800219a       0x26 Middlewares\ST\STM32_USB_Device_Library\Class\CDC\Src\usbd_cdc.o
                0x0800219a                USBD_CDC_ReceivePacket
 .text.USBD_Init
                0x080021c0       0x2a Middlewares\ST\STM32_USB_Device_Library\Core\Src\usbd_core.o
                0x080021c0                USBD_Init
 .text.USBD_RegisterClass
                0x080021ea        0xe Middlewares\ST\STM32_USB_Device_Library\Core\Src\usbd_core.o
                0x080021ea                USBD_RegisterClass
 .text.USBD_Start
                0x080021f8        0xa Middlewares\ST\STM32_USB_Device_Library\Core\Src\usbd_core.o
                0x080021f8                USBD_Start
 .text.USBD_SetClassConfig
                0x08002202       0x16 Middlewares\ST\STM32_USB_Device_Library\Core\Src\usbd_core.o
                0x08002202                USBD_SetClassConfig
 .text.USBD_ClrClassConfig
                0x08002218        0xe Middlewares\ST\STM32_USB_Device_Library\Core\Src\usbd_core.o
                0x08002218                USBD_ClrClassConfig
 .text.USBD_LL_SetupStage
                0x08002226       0x5a Middlewares\ST\STM32_USB_Device_Library\Core\Src\usbd_core.o
                0x08002226                USBD_LL_SetupStage
 .text.USBD_LL_DataOutStage
                0x08002280       0x74 Middlewares\ST\STM32_USB_Device_Library\Core\Src\usbd_core.o
                0x08002280                USBD_LL_DataOutStage
 .text.USBD_LL_DataInStage
                0x080022f4       0xb6 Middlewares\ST\STM32_USB_Device_Library\Core\Src\usbd_core.o
                0x080022f4                USBD_LL_DataInStage
 .text.USBD_LL_Reset
                0x080023aa       0x4e Middlewares\ST\STM32_USB_Device_Library\Core\Src\usbd_core.o
                0x080023aa                USBD_LL_Reset
 .text.USBD_LL_SetSpeed
                0x080023f8        0x6 Middlewares\ST\STM32_USB_Device_Library\Core\Src\usbd_core.o
                0x080023f8                USBD_LL_SetSpeed
 .text.USBD_LL_Suspend
                0x080023fe       0x12 Middlewares\ST\STM32_USB_Device_Library\Core\Src\usbd_core.o
                0x080023fe                USBD_LL_Suspend
 .text.USBD_LL_Resume
                0x08002410       0x14 Middlewares\ST\STM32_USB_Device_Library\Core\Src\usbd_core.o
                0x08002410                USBD_LL_Resume
 .text.USBD_LL_SOF
                0x08002424       0x18 Middlewares\ST\STM32_USB_Device_Library\Core\Src\usbd_core.o
                0x08002424                USBD_LL_SOF
 .text.USBD_LL_IsoINIncomplete
                0x0800243c        0x4 Middlewares\ST\STM32_USB_Device_Library\Core\Src\usbd_core.o
                0x0800243c                USBD_LL_IsoINIncomplete
 .text.USBD_LL_IsoOUTIncomplete
                0x08002440        0x4 Middlewares\ST\STM32_USB_Device_Library\Core\Src\usbd_core.o
                0x08002440                USBD_LL_IsoOUTIncomplete
 .text.USBD_LL_DevConnected
                0x08002444        0x4 Middlewares\ST\STM32_USB_Device_Library\Core\Src\usbd_core.o
                0x08002444                USBD_LL_DevConnected
 .text.USBD_LL_DevDisconnected
                0x08002448       0x16 Middlewares\ST\STM32_USB_Device_Library\Core\Src\usbd_core.o
                0x08002448                USBD_LL_DevDisconnected
 .text.USBD_CtlError.constprop.1
                0x0800245e       0x16 Middlewares\ST\STM32_USB_Device_Library\Core\Src\usbd_ctlreq.o
 .text.USBD_StdDevReq
                0x08002474      0x248 Middlewares\ST\STM32_USB_Device_Library\Core\Src\usbd_ctlreq.o
                0x08002474                USBD_StdDevReq
 .text.USBD_StdItfReq
                0x080026bc       0x4a Middlewares\ST\STM32_USB_Device_Library\Core\Src\usbd_ctlreq.o
                0x080026bc                USBD_StdItfReq
 .text.USBD_StdEPReq
                0x08002706      0x112 Middlewares\ST\STM32_USB_Device_Library\Core\Src\usbd_ctlreq.o
                0x08002706                USBD_StdEPReq
 .text.USBD_ParseSetupRequest
                0x08002818       0x28 Middlewares\ST\STM32_USB_Device_Library\Core\Src\usbd_ctlreq.o
                0x08002818                USBD_ParseSetupRequest
 .text.USBD_CtlError
                0x08002840       0x16 Middlewares\ST\STM32_USB_Device_Library\Core\Src\usbd_ctlreq.o
                0x08002840                USBD_CtlError
 .text.USBD_GetString
                0x08002856       0x38 Middlewares\ST\STM32_USB_Device_Library\Core\Src\usbd_ctlreq.o
                0x08002856                USBD_GetString
 .text.USBD_CtlSendData
                0x0800288e       0x1a Middlewares\ST\STM32_USB_Device_Library\Core\Src\usbd_ioreq.o
                0x0800288e                USBD_CtlSendData
 .text.USBD_CtlContinueSendData
                0x080028a8       0x10 Middlewares\ST\STM32_USB_Device_Library\Core\Src\usbd_ioreq.o
                0x080028a8                USBD_CtlContinueSendData
 .text.USBD_CtlPrepareRx
                0x080028b8       0x1e Middlewares\ST\STM32_USB_Device_Library\Core\Src\usbd_ioreq.o
                0x080028b8                USBD_CtlPrepareRx
 .text.USBD_CtlContinueRx
                0x080028d6       0x10 Middlewares\ST\STM32_USB_Device_Library\Core\Src\usbd_ioreq.o
                0x080028d6                USBD_CtlContinueRx
 .text.USBD_CtlSendStatus
                0x080028e6       0x16 Middlewares\ST\STM32_USB_Device_Library\Core\Src\usbd_ioreq.o
                0x080028e6                USBD_CtlSendStatus
 .text.USBD_CtlReceiveStatus
                0x080028fc       0x16 Middlewares\ST\STM32_USB_Device_Library\Core\Src\usbd_ioreq.o
                0x080028fc                USBD_CtlReceiveStatus
 *fill*         0x08002912        0x2 
 .text.MX_GPIO_Init
                0x08002914       0x30 Src\gpio.o
                0x08002914                MX_GPIO_Init
 .text.SystemClock_Config
                0x08002944       0x88 Src\main.o
                0x08002944                SystemClock_Config
 .text.startup.main
                0x080029cc       0x14 Src\main.o
                0x080029cc                main
 .text.Error_Handler
                0x080029e0        0x2 Src\main.o
                0x080029e0                Error_Handler
 *fill*         0x080029e2        0x2 
 .text.HAL_MspInit
                0x080029e4       0x44 Src\stm32f1xx_hal_msp.o
                0x080029e4                HAL_MspInit
 .text.NMI_Handler
                0x08002a28        0x2 Src\stm32f1xx_it.o
                0x08002a28                NMI_Handler
 .text.HardFault_Handler
                0x08002a2a        0x2 Src\stm32f1xx_it.o
                0x08002a2a                HardFault_Handler
 .text.MemManage_Handler
                0x08002a2c        0x2 Src\stm32f1xx_it.o
                0x08002a2c                MemManage_Handler
 .text.BusFault_Handler
                0x08002a2e        0x2 Src\stm32f1xx_it.o
                0x08002a2e                BusFault_Handler
 .text.UsageFault_Handler
                0x08002a30        0x2 Src\stm32f1xx_it.o
                0x08002a30                UsageFault_Handler
 .text.SVC_Handler
                0x08002a32        0x2 Src\stm32f1xx_it.o
                0x08002a32                SVC_Handler
 .text.DebugMon_Handler
                0x08002a34        0x2 Src\stm32f1xx_it.o
                0x08002a34                DebugMon_Handler
 .text.PendSV_Handler
                0x08002a36        0x2 Src\stm32f1xx_it.o
                0x08002a36                PendSV_Handler
 .text.SysTick_Handler
                0x08002a38        0x4 Src\stm32f1xx_it.o
                0x08002a38                SysTick_Handler
 .text.OTG_FS_IRQHandler
                0x08002a3c        0xc Src\stm32f1xx_it.o
                0x08002a3c                OTG_FS_IRQHandler
 .text.SystemInit
                0x08002a48       0x58 Src\system_stm32f1xx.o
                0x08002a48                SystemInit
 .text.MX_USB_DEVICE_Init
                0x08002aa0       0x50 Src\usb_device.o
                0x08002aa0                MX_USB_DEVICE_Init
 .text.CDC_DeInit_FS
                0x08002af0        0x4 Src\usbd_cdc_if.o
 .text.CDC_Control_FS
                0x08002af4        0x4 Src\usbd_cdc_if.o
 .text.CDC_Receive_FS
                0x08002af8       0x1c Src\usbd_cdc_if.o
 .text.CDC_Init_FS
                0x08002b14       0x28 Src\usbd_cdc_if.o
 .text.HAL_PCD_MspInit
                0x08002b3c       0x3a Src\usbd_conf.o
                0x08002b3c                HAL_PCD_MspInit
 .text.HAL_PCD_SetupStageCallback
                0x08002b76        0xc Src\usbd_conf.o
                0x08002b76                HAL_PCD_SetupStageCallback
 .text.HAL_PCD_DataOutStageCallback
                0x08002b82       0x12 Src\usbd_conf.o
                0x08002b82                HAL_PCD_DataOutStageCallback
 .text.HAL_PCD_DataInStageCallback
                0x08002b94       0x10 Src\usbd_conf.o
                0x08002b94                HAL_PCD_DataInStageCallback
 .text.HAL_PCD_SOFCallback
                0x08002ba4        0x8 Src\usbd_conf.o
                0x08002ba4                HAL_PCD_SOFCallback
 .text.HAL_PCD_ResetCallback
                0x08002bac       0x24 Src\usbd_conf.o
                0x08002bac                HAL_PCD_ResetCallback
 .text.HAL_PCD_SuspendCallback
                0x08002bd0       0x30 Src\usbd_conf.o
                0x08002bd0                HAL_PCD_SuspendCallback
 .text.HAL_PCD_ResumeCallback
                0x08002c00        0x8 Src\usbd_conf.o
                0x08002c00                HAL_PCD_ResumeCallback
 .text.HAL_PCD_ISOOUTIncompleteCallback
                0x08002c08        0x8 Src\usbd_conf.o
                0x08002c08                HAL_PCD_ISOOUTIncompleteCallback
 .text.HAL_PCD_ISOINIncompleteCallback
                0x08002c10        0x8 Src\usbd_conf.o
                0x08002c10                HAL_PCD_ISOINIncompleteCallback
 .text.HAL_PCD_ConnectCallback
                0x08002c18        0x8 Src\usbd_conf.o
                0x08002c18                HAL_PCD_ConnectCallback
 .text.HAL_PCD_DisconnectCallback
                0x08002c20        0x8 Src\usbd_conf.o
                0x08002c20                HAL_PCD_DisconnectCallback
 .text.USBD_LL_Init
                0x08002c28       0x54 Src\usbd_conf.o
                0x08002c28                USBD_LL_Init
 .text.USBD_LL_Start
                0x08002c7c       0x1c Src\usbd_conf.o
                0x08002c7c                USBD_LL_Start
 .text.USBD_LL_OpenEP
                0x08002c98       0x20 Src\usbd_conf.o
                0x08002c98                USBD_LL_OpenEP
 .text.USBD_LL_CloseEP
                0x08002cb8       0x1c Src\usbd_conf.o
                0x08002cb8                USBD_LL_CloseEP
 .text.USBD_LL_StallEP
                0x08002cd4       0x1c Src\usbd_conf.o
                0x08002cd4                USBD_LL_StallEP
 .text.USBD_LL_ClearStallEP
                0x08002cf0       0x1c Src\usbd_conf.o
                0x08002cf0                USBD_LL_ClearStallEP
 .text.USBD_LL_IsStallEP
                0x08002d0c       0x24 Src\usbd_conf.o
                0x08002d0c                USBD_LL_IsStallEP
 .text.USBD_LL_SetUSBAddress
                0x08002d30       0x1c Src\usbd_conf.o
                0x08002d30                USBD_LL_SetUSBAddress
 .text.USBD_LL_Transmit
                0x08002d4c       0x1c Src\usbd_conf.o
                0x08002d4c                USBD_LL_Transmit
 .text.USBD_LL_PrepareReceive
                0x08002d68       0x1c Src\usbd_conf.o
                0x08002d68                USBD_LL_PrepareReceive
 .text.USBD_LL_GetRxDataSize
                0x08002d84        0x8 Src\usbd_conf.o
                0x08002d84                USBD_LL_GetRxDataSize
 .text.USBD_static_malloc
                0x08002d8c        0x8 Src\usbd_conf.o
                0x08002d8c                USBD_static_malloc
 .text.USBD_static_free
                0x08002d94        0x2 Src\usbd_conf.o
                0x08002d94                USBD_static_free
 *fill*         0x08002d96        0x2 
 .text.USBD_FS_DeviceDescriptor
                0x08002d98        0xc Src\usbd_desc.o
                0x08002d98                USBD_FS_DeviceDescriptor
 .text.USBD_FS_LangIDStrDescriptor
                0x08002da4        0xc Src\usbd_desc.o
                0x08002da4                USBD_FS_LangIDStrDescriptor
 .text.IntToUnicode
                0x08002db0       0x28 Src\usbd_desc.o
 .text.USBD_FS_SerialStrDescriptor
                0x08002dd8       0x40 Src\usbd_desc.o
                0x08002dd8                USBD_FS_SerialStrDescriptor
 .text.USBD_FS_ManufacturerStrDescriptor
                0x08002e18       0x1c Src\usbd_desc.o
                0x08002e18                USBD_FS_ManufacturerStrDescriptor
 .text.USBD_FS_ProductStrDescriptor
                0x08002e34       0x1c Src\usbd_desc.o
                0x08002e34                USBD_FS_ProductStrDescriptor
 .text.USBD_FS_ConfigStrDescriptor
                0x08002e50       0x1c Src\usbd_desc.o
                0x08002e50                USBD_FS_ConfigStrDescriptor
 .text.USBD_FS_InterfaceStrDescriptor
                0x08002e6c       0x1c Src\usbd_desc.o
                0x08002e6c                USBD_FS_InterfaceStrDescriptor
 .text.Reset_Handler
                0x08002e88       0x48 startup\startup_stm32f107xc.o
                0x08002e88                Reset_Handler
 .text.Default_Handler
                0x08002ed0        0x2 startup\startup_stm32f107xc.o
                0x08002ed0                RTC_Alarm_IRQHandler
                0x08002ed0                EXTI2_IRQHandler
                0x08002ed0                TIM1_CC_IRQHandler
                0x08002ed0                TIM6_IRQHandler
                0x08002ed0                PVD_IRQHandler
                0x08002ed0                CAN2_RX1_IRQHandler
                0x08002ed0                EXTI3_IRQHandler
                0x08002ed0                EXTI0_IRQHandler
                0x08002ed0                I2C2_EV_IRQHandler
                0x08002ed0                CAN1_RX0_IRQHandler
                0x08002ed0                CAN2_SCE_IRQHandler
                0x08002ed0                ADC1_2_IRQHandler
                0x08002ed0                SPI1_IRQHandler
                0x08002ed0                TAMPER_IRQHandler
                0x08002ed0                CAN2_RX0_IRQHandler
                0x08002ed0                DMA2_Channel2_IRQHandler
                0x08002ed0                DMA1_Channel4_IRQHandler
                0x08002ed0                USART3_IRQHandler
                0x08002ed0                RTC_IRQHandler
                0x08002ed0                DMA1_Channel7_IRQHandler
                0x08002ed0                CAN1_RX1_IRQHandler
                0x08002ed0                UART5_IRQHandler
                0x08002ed0                TIM4_IRQHandler
                0x08002ed0                DMA2_Channel1_IRQHandler
                0x08002ed0                I2C1_EV_IRQHandler
                0x08002ed0                DMA1_Channel6_IRQHandler
                0x08002ed0                UART4_IRQHandler
                0x08002ed0                DMA2_Channel4_IRQHandler
                0x08002ed0                TIM3_IRQHandler
                0x08002ed0                RCC_IRQHandler
                0x08002ed0                TIM1_TRG_COM_IRQHandler
                0x08002ed0                DMA1_Channel1_IRQHandler
                0x08002ed0                Default_Handler
                0x08002ed0                EXTI15_10_IRQHandler
                0x08002ed0                TIM7_IRQHandler
                0x08002ed0                CAN2_TX_IRQHandler
                0x08002ed0                TIM5_IRQHandler
                0x08002ed0                EXTI9_5_IRQHandler
                0x08002ed0                ETH_WKUP_IRQHandler
                0x08002ed0                SPI2_IRQHandler
                0x08002ed0                CAN1_TX_IRQHandler
                0x08002ed0                DMA2_Channel5_IRQHandler
                0x08002ed0                DMA1_Channel5_IRQHandler
                0x08002ed0                EXTI4_IRQHandler
                0x08002ed0                DMA1_Channel3_IRQHandler
                0x08002ed0                ETH_IRQHandler
                0x08002ed0                TIM1_UP_IRQHandler
                0x08002ed0                WWDG_IRQHandler
                0x08002ed0                TIM2_IRQHandler
                0x08002ed0                OTG_FS_WKUP_IRQHandler
                0x08002ed0                TIM1_BRK_IRQHandler
                0x08002ed0                EXTI1_IRQHandler
                0x08002ed0                USART2_IRQHandler
                0x08002ed0                I2C2_ER_IRQHandler
                0x08002ed0                DMA1_Channel2_IRQHandler
                0x08002ed0                CAN1_SCE_IRQHandler
                0x08002ed0                FLASH_IRQHandler
                0x08002ed0                USART1_IRQHandler
                0x08002ed0                SPI3_IRQHandler
                0x08002ed0                I2C1_ER_IRQHandler
                0x08002ed0                DMA2_Channel3_IRQHandler
 *fill*         0x08002ed2        0x2 
 .text.__libc_init_array
                0x08002ed4       0x48 c:/program files (x86)/atollic/truestudio for stm32 9.3.0/armtools/bin/../lib/gcc/arm-atollic-eabi/6.3.1/../../../../arm-atollic-eabi/lib/armv7-m\libc_nano.a(lib_a-init.o)
                0x08002ed4                __libc_init_array
 .text.memset   0x08002f1c       0x10 c:/program files (x86)/atollic/truestudio for stm32 9.3.0/armtools/bin/../lib/gcc/arm-atollic-eabi/6.3.1/../../../../arm-atollic-eabi/lib/armv7-m\libc_nano.a(lib_a-memset.o)
                0x08002f1c                memset
 *(.glue_7)
 .glue_7        0x08002f2c        0x0 linker stubs
 *(.glue_7t)
 .glue_7t       0x08002f2c        0x0 linker stubs
 *(.eh_frame)
 .eh_frame      0x08002f2c        0x0 c:/program files (x86)/atollic/truestudio for stm32 9.3.0/armtools/bin/../lib/gcc/arm-atollic-eabi/6.3.1/armv7-m/crtbegin.o
 *(.init)
 .init          0x08002f2c        0x4 c:/program files (x86)/atollic/truestudio for stm32 9.3.0/armtools/bin/../lib/gcc/arm-atollic-eabi/6.3.1/armv7-m/crti.o
                0x08002f2c                _init
 .init          0x08002f30        0x8 c:/program files (x86)/atollic/truestudio for stm32 9.3.0/armtools/bin/../lib/gcc/arm-atollic-eabi/6.3.1/armv7-m/crtn.o
 *(.fini)
 .fini          0x08002f38        0x4 c:/program files (x86)/atollic/truestudio for stm32 9.3.0/armtools/bin/../lib/gcc/arm-atollic-eabi/6.3.1/armv7-m/crti.o
                0x08002f38                _fini
 .fini          0x08002f3c        0x8 c:/program files (x86)/atollic/truestudio for stm32 9.3.0/armtools/bin/../lib/gcc/arm-atollic-eabi/6.3.1/armv7-m/crtn.o
                0x08002f44                . = ALIGN (0x4)
                0x08002f44                _etext = .

.vfp11_veneer   0x08002f44        0x0
 .vfp11_veneer  0x08002f44        0x0 linker stubs

.v4_bx          0x08002f44        0x0
 .v4_bx         0x08002f44        0x0 linker stubs

.iplt           0x08002f44        0x0
 .iplt          0x08002f44        0x0 c:/program files (x86)/atollic/truestudio for stm32 9.3.0/armtools/bin/../lib/gcc/arm-atollic-eabi/6.3.1/armv7-m/crtbegin.o

.rodata         0x08002f44       0x74
                0x08002f44                . = ALIGN (0x4)
 *(.rodata)
 .rodata        0x08002f44       0x1e Drivers\STM32F1xx_HAL_Driver\Src\stm32f1xx_hal_rcc.o
 *(.rodata*)
 .rodata.AHBPrescTable
                0x08002f62       0x10 Src\system_stm32f1xx.o
                0x08002f62                AHBPrescTable
 .rodata.CSWTCH.4
                0x08002f72        0x4 Src\usbd_conf.o
 .rodata.USBD_FS_ConfigStrDescriptor.str1.1
                0x08002f76        0xb Src\usbd_desc.o
 .rodata.USBD_FS_InterfaceStrDescriptor.str1.1
                0x08002f81        0xe Src\usbd_desc.o
 .rodata.USBD_FS_ManufacturerStrDescriptor.str1.1
                0x08002f8f       0x13 Src\usbd_desc.o
 .rodata.USBD_FS_ProductStrDescriptor.str1.1
                0x08002fa2       0x16 Src\usbd_desc.o
                0x08002fb8                . = ALIGN (0x4)

.ARM.extab
 *(.ARM.extab* .gnu.linkonce.armextab.*)

.ARM            0x08002fb8        0x8
                0x08002fb8                __exidx_start = .
 *(.ARM.exidx*)
 .ARM.exidx     0x08002fb8        0x8 c:/program files (x86)/atollic/truestudio for stm32 9.3.0/armtools/bin/../lib/gcc/arm-atollic-eabi/6.3.1/armv7-m\libgcc.a(_udivmoddi4.o)
                0x08002fc0                __exidx_end = .

.rel.dyn        0x08002fc0        0x0
 .rel.iplt      0x08002fc0        0x0 c:/program files (x86)/atollic/truestudio for stm32 9.3.0/armtools/bin/../lib/gcc/arm-atollic-eabi/6.3.1/armv7-m/crtbegin.o

.preinit_array  0x08002fc0        0x0
                0x08002fc0                PROVIDE (__preinit_array_start, .)
 *(.preinit_array*)
                0x08002fc0                PROVIDE (__preinit_array_end, .)

.init_array     0x08002fc0        0x4
                0x08002fc0                PROVIDE (__init_array_start, .)
 *(SORT(.init_array.*))
 *(.init_array*)
 .init_array    0x08002fc0        0x4 c:/program files (x86)/atollic/truestudio for stm32 9.3.0/armtools/bin/../lib/gcc/arm-atollic-eabi/6.3.1/armv7-m/crtbegin.o
                0x08002fc4                PROVIDE (__init_array_end, .)

.fini_array     0x08002fc4        0x4
                [!provide]                PROVIDE (__fini_array_start, .)
 *(SORT(.fini_array.*))
 *(.fini_array*)
 .fini_array    0x08002fc4        0x4 c:/program files (x86)/atollic/truestudio for stm32 9.3.0/armtools/bin/../lib/gcc/arm-atollic-eabi/6.3.1/armv7-m/crtbegin.o
                [!provide]                PROVIDE (__fini_array_end, .)
                0x08002fc8                _sidata = LOADADDR (.data)

.data           0x20000000      0x17c load address 0x08002fc8
                0x20000000                . = ALIGN (0x4)
                0x20000000                _sdata = .
 *(.data)
 *(.data*)
 .data.uwTickFreq
                0x20000000        0x1 Drivers\STM32F1xx_HAL_Driver\Src\stm32f1xx_hal.o
                0x20000000                uwTickFreq
 *fill*         0x20000001        0x3 
 .data.uwTickPrio
                0x20000004        0x4 Drivers\STM32F1xx_HAL_Driver\Src\stm32f1xx_hal.o
                0x20000004                uwTickPrio
 .data.USBD_CDC
                0x20000008       0x38 Middlewares\ST\STM32_USB_Device_Library\Class\CDC\Src\usbd_cdc.o
                0x20000008                USBD_CDC
 .data.USBD_CDC_CfgFSDesc
                0x20000040       0x43 Middlewares\ST\STM32_USB_Device_Library\Class\CDC\Src\usbd_cdc.o
                0x20000040                USBD_CDC_CfgFSDesc
 *fill*         0x20000083        0x1 
 .data.USBD_CDC_CfgHSDesc
                0x20000084       0x43 Middlewares\ST\STM32_USB_Device_Library\Class\CDC\Src\usbd_cdc.o
                0x20000084                USBD_CDC_CfgHSDesc
 *fill*         0x200000c7        0x1 
 .data.USBD_CDC_DeviceQualifierDesc
                0x200000c8        0xa Middlewares\ST\STM32_USB_Device_Library\Class\CDC\Src\usbd_cdc.o
 *fill*         0x200000d2        0x2 
 .data.USBD_CDC_OtherSpeedCfgDesc
                0x200000d4       0x43 Middlewares\ST\STM32_USB_Device_Library\Class\CDC\Src\usbd_cdc.o
                0x200000d4                USBD_CDC_OtherSpeedCfgDesc
 *fill*         0x20000117        0x1 
 .data.SystemCoreClock
                0x20000118        0x4 Src\system_stm32f1xx.o
                0x20000118                SystemCoreClock
 .data.USBD_Interface_fops_FS
                0x2000011c       0x10 Src\usbd_cdc_if.o
                0x2000011c                USBD_Interface_fops_FS
 .data.FS_Desc  0x2000012c       0x1c Src\usbd_desc.o
                0x2000012c                FS_Desc
 .data.USBD_FS_DeviceDesc
                0x20000148       0x12 Src\usbd_desc.o
                0x20000148                USBD_FS_DeviceDesc
 *fill*         0x2000015a        0x2 
 .data.USBD_LangIDDesc
                0x2000015c        0x4 Src\usbd_desc.o
                0x2000015c                USBD_LangIDDesc
 .data.USBD_StringSerial
                0x20000160       0x1a Src\usbd_desc.o
                0x20000160                USBD_StringSerial
                0x2000017c                . = ALIGN (0x4)
 *fill*         0x2000017a        0x2 
                0x2000017c                _edata = .

.igot.plt       0x2000017c        0x0 load address 0x08003144
 .igot.plt      0x2000017c        0x0 c:/program files (x86)/atollic/truestudio for stm32 9.3.0/armtools/bin/../lib/gcc/arm-atollic-eabi/6.3.1/armv7-m/crtbegin.o
                0x2000017c                . = ALIGN (0x4)

.bss            0x2000017c     0x12d8 load address 0x08003144
                0x2000017c                _sbss = .
                0x2000017c                __bss_start__ = _sbss
 *(.bss)
 .bss           0x2000017c       0x1c c:/program files (x86)/atollic/truestudio for stm32 9.3.0/armtools/bin/../lib/gcc/arm-atollic-eabi/6.3.1/armv7-m/crtbegin.o
 *(.bss*)
 .bss.cfgidx.7871
                0x20000198        0x1 Middlewares\ST\STM32_USB_Device_Library\Core\Src\usbd_ctlreq.o
 *fill*         0x20000199        0x3 
 .bss.mem.7936  0x2000019c      0x220 Src\usbd_conf.o
 *(COMMON)
 COMMON         0x200003bc        0x4 Drivers\STM32F1xx_HAL_Driver\Src\stm32f1xx_hal.o
                0x200003bc                uwTick
 COMMON         0x200003c0      0x2c4 Src\usb_device.o
                0x200003c0                hUsbDeviceFS
 COMMON         0x20000684      0x7d0 Src\usbd_cdc_if.o
                0x20000684                UserRxBufferFS
                0x20000a6c                UserTxBufferFS
 COMMON         0x20000e54      0x400 Src\usbd_conf.o
                0x20000e54                hpcd_USB_OTG_FS
 COMMON         0x20001254      0x200 Src\usbd_desc.o
                0x20001254                USBD_StrDesc
                0x20001454                . = ALIGN (0x4)
                0x20001454                _ebss = .
                0x20001454                __bss_end__ = _ebss

._user_heap_stack
                0x20001454      0x600 load address 0x08003144
                0x20001454                . = ALIGN (0x4)
                0x20001454                PROVIDE (end, .)
                [!provide]                PROVIDE (_end, .)
                0x20001654                . = (. + _Min_Heap_Size)
 *fill*         0x20001454      0x200 
                0x20001a54                . = (. + _Min_Stack_Size)
 *fill*         0x20001654      0x400 
                0x20001a54                . = ALIGN (0x4)

/DISCARD/
 libc.a(*)
 libm.a(*)
 libgcc.a(*)

.ARM.attributes
                0x00000000       0x29
 *(.ARM.attributes)
 .ARM.attributes
                0x00000000       0x1d c:/program files (x86)/atollic/truestudio for stm32 9.3.0/armtools/bin/../lib/gcc/arm-atollic-eabi/6.3.1/armv7-m/crti.o
 .ARM.attributes
                0x0000001d       0x2d c:/program files (x86)/atollic/truestudio for stm32 9.3.0/armtools/bin/../lib/gcc/arm-atollic-eabi/6.3.1/armv7-m/crtbegin.o
 .ARM.attributes
                0x0000004a       0x33 Drivers\STM32F1xx_HAL_Driver\Src\stm32f1xx_hal.o
 .ARM.attributes
                0x0000007d       0x33 Drivers\STM32F1xx_HAL_Driver\Src\stm32f1xx_hal_cortex.o
 .ARM.attributes
                0x000000b0       0x33 Drivers\STM32F1xx_HAL_Driver\Src\stm32f1xx_hal_pcd.o
 .ARM.attributes
                0x000000e3       0x33 Drivers\STM32F1xx_HAL_Driver\Src\stm32f1xx_hal_pcd_ex.o
 .ARM.attributes
                0x00000116       0x33 Drivers\STM32F1xx_HAL_Driver\Src\stm32f1xx_hal_rcc.o
 .ARM.attributes
                0x00000149       0x33 Drivers\STM32F1xx_HAL_Driver\Src\stm32f1xx_hal_rcc_ex.o
 .ARM.attributes
                0x0000017c       0x33 Drivers\STM32F1xx_HAL_Driver\Src\stm32f1xx_ll_usb.o
 .ARM.attributes
                0x000001af       0x33 Middlewares\ST\STM32_USB_Device_Library\Class\CDC\Src\usbd_cdc.o
 .ARM.attributes
                0x000001e2       0x33 Middlewares\ST\STM32_USB_Device_Library\Core\Src\usbd_core.o
 .ARM.attributes
                0x00000215       0x33 Middlewares\ST\STM32_USB_Device_Library\Core\Src\usbd_ctlreq.o
 .ARM.attributes
                0x00000248       0x33 Middlewares\ST\STM32_USB_Device_Library\Core\Src\usbd_ioreq.o
 .ARM.attributes
                0x0000027b       0x33 Src\gpio.o
 .ARM.attributes
                0x000002ae       0x33 Src\main.o
 .ARM.attributes
                0x000002e1       0x33 Src\stm32f1xx_hal_msp.o
 .ARM.attributes
                0x00000314       0x33 Src\stm32f1xx_it.o
 .ARM.attributes
                0x00000347       0x33 Src\system_stm32f1xx.o
 .ARM.attributes
                0x0000037a       0x33 Src\usb_device.o
 .ARM.attributes
                0x000003ad       0x33 Src\usbd_cdc_if.o
 .ARM.attributes
                0x000003e0       0x33 Src\usbd_conf.o
 .ARM.attributes
                0x00000413       0x33 Src\usbd_desc.o
 .ARM.attributes
                0x00000446       0x21 startup\startup_stm32f107xc.o
 .ARM.attributes
                0x00000467       0x2d c:/program files (x86)/atollic/truestudio for stm32 9.3.0/armtools/bin/../lib/gcc/arm-atollic-eabi/6.3.1/../../../../arm-atollic-eabi/lib/armv7-m\libc_nano.a(lib_a-init.o)
 .ARM.attributes
                0x00000494       0x2d c:/program files (x86)/atollic/truestudio for stm32 9.3.0/armtools/bin/../lib/gcc/arm-atollic-eabi/6.3.1/../../../../arm-atollic-eabi/lib/armv7-m\libc_nano.a(lib_a-memset.o)
 .ARM.attributes
                0x000004c1       0x1d c:/program files (x86)/atollic/truestudio for stm32 9.3.0/armtools/bin/../lib/gcc/arm-atollic-eabi/6.3.1/armv7-m\libgcc.a(_aeabi_uldivmod.o)
 .ARM.attributes
                0x000004de       0x2d c:/program files (x86)/atollic/truestudio for stm32 9.3.0/armtools/bin/../lib/gcc/arm-atollic-eabi/6.3.1/armv7-m\libgcc.a(_udivmoddi4.o)
 .ARM.attributes
                0x0000050b       0x1d c:/program files (x86)/atollic/truestudio for stm32 9.3.0/armtools/bin/../lib/gcc/arm-atollic-eabi/6.3.1/armv7-m\libgcc.a(_dvmd_tls.o)
 .ARM.attributes
                0x00000528       0x1d c:/program files (x86)/atollic/truestudio for stm32 9.3.0/armtools/bin/../lib/gcc/arm-atollic-eabi/6.3.1/armv7-m/crtn.o
OUTPUT(usb_dcp.elf elf32-littlearm)

.debug_info     0x00000000    0x1220a
 .debug_info    0x00000000      0x853 Drivers\STM32F1xx_HAL_Driver\Src\stm32f1xx_hal.o
 .debug_info    0x00000853      0xd13 Drivers\STM32F1xx_HAL_Driver\Src\stm32f1xx_hal_cortex.o
 .debug_info    0x00001566     0x1682 Drivers\STM32F1xx_HAL_Driver\Src\stm32f1xx_hal_pcd.o
 .debug_info    0x00002be8      0x72a Drivers\STM32F1xx_HAL_Driver\Src\stm32f1xx_hal_pcd_ex.o
 .debug_info    0x00003312      0xafc Drivers\STM32F1xx_HAL_Driver\Src\stm32f1xx_hal_rcc.o
 .debug_info    0x00003e0e      0x6e2 Drivers\STM32F1xx_HAL_Driver\Src\stm32f1xx_hal_rcc_ex.o
 .debug_info    0x000044f0     0x1b23 Drivers\STM32F1xx_HAL_Driver\Src\stm32f1xx_ll_usb.o
 .debug_info    0x00006013     0x1a25 Middlewares\ST\STM32_USB_Device_Library\Class\CDC\Src\usbd_cdc.o
 .debug_info    0x00007a38     0x14fa Middlewares\ST\STM32_USB_Device_Library\Core\Src\usbd_core.o
 .debug_info    0x00008f32     0x1534 Middlewares\ST\STM32_USB_Device_Library\Core\Src\usbd_ctlreq.o
 .debug_info    0x0000a466     0x101d Middlewares\ST\STM32_USB_Device_Library\Core\Src\usbd_ioreq.o
 .debug_info    0x0000b483      0x25b Src\gpio.o
 .debug_info    0x0000b6de      0xd35 Src\main.o
 .debug_info    0x0000c413      0x2da Src\stm32f1xx_hal_msp.o
 .debug_info    0x0000c6ed      0x66b Src\stm32f1xx_it.o
 .debug_info    0x0000cd58      0x474 Src\system_stm32f1xx.o
 .debug_info    0x0000d1cc      0xf2c Src\usb_device.o
 .debug_info    0x0000e0f8     0x10e8 Src\usbd_cdc_if.o
 .debug_info    0x0000f1e0     0x212e Src\usbd_conf.o
 .debug_info    0x0001130e      0xe81 Src\usbd_desc.o
 .debug_info    0x0001218f       0x7b startup\startup_stm32f107xc.o

.debug_abbrev   0x00000000     0x307e
 .debug_abbrev  0x00000000      0x24a Drivers\STM32F1xx_HAL_Driver\Src\stm32f1xx_hal.o
 .debug_abbrev  0x0000024a      0x2f8 Drivers\STM32F1xx_HAL_Driver\Src\stm32f1xx_hal_cortex.o
 .debug_abbrev  0x00000542      0x33f Drivers\STM32F1xx_HAL_Driver\Src\stm32f1xx_hal_pcd.o
 .debug_abbrev  0x00000881      0x1de Drivers\STM32F1xx_HAL_Driver\Src\stm32f1xx_hal_pcd_ex.o
 .debug_abbrev  0x00000a5f      0x2dd Drivers\STM32F1xx_HAL_Driver\Src\stm32f1xx_hal_rcc.o
 .debug_abbrev  0x00000d3c      0x1f0 Drivers\STM32F1xx_HAL_Driver\Src\stm32f1xx_hal_rcc_ex.o
 .debug_abbrev  0x00000f2c      0x345 Drivers\STM32F1xx_HAL_Driver\Src\stm32f1xx_ll_usb.o
 .debug_abbrev  0x00001271      0x2f8 Middlewares\ST\STM32_USB_Device_Library\Class\CDC\Src\usbd_cdc.o
 .debug_abbrev  0x00001569      0x322 Middlewares\ST\STM32_USB_Device_Library\Core\Src\usbd_core.o
 .debug_abbrev  0x0000188b      0x3b9 Middlewares\ST\STM32_USB_Device_Library\Core\Src\usbd_ctlreq.o
 .debug_abbrev  0x00001c44      0x1f7 Middlewares\ST\STM32_USB_Device_Library\Core\Src\usbd_ioreq.o
 .debug_abbrev  0x00001e3b      0x102 Src\gpio.o
 .debug_abbrev  0x00001f3d      0x249 Src\main.o
 .debug_abbrev  0x00002186      0x100 Src\stm32f1xx_hal_msp.o
 .debug_abbrev  0x00002286      0x1b0 Src\stm32f1xx_it.o
 .debug_abbrev  0x00002436      0x126 Src\system_stm32f1xx.o
 .debug_abbrev  0x0000255c      0x1fe Src\usb_device.o
 .debug_abbrev  0x0000275a      0x2ba Src\usbd_cdc_if.o
 .debug_abbrev  0x00002a14      0x333 Src\usbd_conf.o
 .debug_abbrev  0x00002d47      0x325 Src\usbd_desc.o
 .debug_abbrev  0x0000306c       0x12 startup\startup_stm32f107xc.o

.debug_loc      0x00000000     0x5f51
 .debug_loc     0x00000000      0x10c Drivers\STM32F1xx_HAL_Driver\Src\stm32f1xx_hal.o
 .debug_loc     0x0000010c      0x487 Drivers\STM32F1xx_HAL_Driver\Src\stm32f1xx_hal_cortex.o
 .debug_loc     0x00000593      0xbf6 Drivers\STM32F1xx_HAL_Driver\Src\stm32f1xx_hal_pcd.o
 .debug_loc     0x00001189      0x100 Drivers\STM32F1xx_HAL_Driver\Src\stm32f1xx_hal_pcd_ex.o
 .debug_loc     0x00001289      0x5a6 Drivers\STM32F1xx_HAL_Driver\Src\stm32f1xx_hal_rcc.o
 .debug_loc     0x0000182f      0x59c Drivers\STM32F1xx_HAL_Driver\Src\stm32f1xx_hal_rcc_ex.o
 .debug_loc     0x00001dcb     0x1a30 Drivers\STM32F1xx_HAL_Driver\Src\stm32f1xx_ll_usb.o
 .debug_loc     0x000037fb      0x623 Middlewares\ST\STM32_USB_Device_Library\Class\CDC\Src\usbd_cdc.o
 .debug_loc     0x00003e1e      0x705 Middlewares\ST\STM32_USB_Device_Library\Core\Src\usbd_core.o
 .debug_loc     0x00004523      0x953 Middlewares\ST\STM32_USB_Device_Library\Core\Src\usbd_ctlreq.o
 .debug_loc     0x00004e76      0x23c Middlewares\ST\STM32_USB_Device_Library\Core\Src\usbd_ioreq.o
 .debug_loc     0x000050b2      0x1da Src\system_stm32f1xx.o
 .debug_loc     0x0000528c      0x10c Src\usbd_cdc_if.o
 .debug_loc     0x00005398      0x8c0 Src\usbd_conf.o
 .debug_loc     0x00005c58      0x2f9 Src\usbd_desc.o

.debug_aranges  0x00000000      0x970
 .debug_aranges
                0x00000000       0xd8 Drivers\STM32F1xx_HAL_Driver\Src\stm32f1xx_hal.o
 .debug_aranges
                0x000000d8       0x90 Drivers\STM32F1xx_HAL_Driver\Src\stm32f1xx_hal_cortex.o
 .debug_aranges
                0x00000168       0xc0 Drivers\STM32F1xx_HAL_Driver\Src\stm32f1xx_hal_pcd.o
 .debug_aranges
                0x00000228       0x30 Drivers\STM32F1xx_HAL_Driver\Src\stm32f1xx_hal_pcd_ex.o
 .debug_aranges
                0x00000258       0x88 Drivers\STM32F1xx_HAL_Driver\Src\stm32f1xx_hal_rcc.o
 .debug_aranges
                0x000002e0       0x50 Drivers\STM32F1xx_HAL_Driver\Src\stm32f1xx_hal_rcc_ex.o
 .debug_aranges
                0x00000330      0x198 Drivers\STM32F1xx_HAL_Driver\Src\stm32f1xx_ll_usb.o
 .debug_aranges
                0x000004c8       0x90 Middlewares\ST\STM32_USB_Device_Library\Class\CDC\Src\usbd_cdc.o
 .debug_aranges
                0x00000558       0xa8 Middlewares\ST\STM32_USB_Device_Library\Core\Src\usbd_core.o
 .debug_aranges
                0x00000600       0x50 Middlewares\ST\STM32_USB_Device_Library\Core\Src\usbd_ctlreq.o
 .debug_aranges
                0x00000650       0x50 Middlewares\ST\STM32_USB_Device_Library\Core\Src\usbd_ioreq.o
 .debug_aranges
                0x000006a0       0x20 Src\gpio.o
 .debug_aranges
                0x000006c0       0x30 Src\main.o
 .debug_aranges
                0x000006f0       0x20 Src\stm32f1xx_hal_msp.o
 .debug_aranges
                0x00000710       0x50 Src\stm32f1xx_it.o
 .debug_aranges
                0x00000760       0x28 Src\system_stm32f1xx.o
 .debug_aranges
                0x00000788       0x20 Src\usb_device.o
 .debug_aranges
                0x000007a8       0x40 Src\usbd_cdc_if.o
 .debug_aranges
                0x000007e8      0x108 Src\usbd_conf.o
 .debug_aranges
                0x000008f0       0x58 Src\usbd_desc.o
 .debug_aranges
                0x00000948       0x28 startup\startup_stm32f107xc.o

.debug_ranges   0x00000000      0xa38
 .debug_ranges  0x00000000       0xc8 Drivers\STM32F1xx_HAL_Driver\Src\stm32f1xx_hal.o
 .debug_ranges  0x000000c8      0x128 Drivers\STM32F1xx_HAL_Driver\Src\stm32f1xx_hal_cortex.o
 .debug_ranges  0x000001f0       0xe0 Drivers\STM32F1xx_HAL_Driver\Src\stm32f1xx_hal_pcd.o
 .debug_ranges  0x000002d0       0x20 Drivers\STM32F1xx_HAL_Driver\Src\stm32f1xx_hal_pcd_ex.o
 .debug_ranges  0x000002f0       0xa0 Drivers\STM32F1xx_HAL_Driver\Src\stm32f1xx_hal_rcc.o
 .debug_ranges  0x00000390       0x60 Drivers\STM32F1xx_HAL_Driver\Src\stm32f1xx_hal_rcc_ex.o
 .debug_ranges  0x000003f0      0x1b8 Drivers\STM32F1xx_HAL_Driver\Src\stm32f1xx_ll_usb.o
 .debug_ranges  0x000005a8       0x80 Middlewares\ST\STM32_USB_Device_Library\Class\CDC\Src\usbd_cdc.o
 .debug_ranges  0x00000628       0x98 Middlewares\ST\STM32_USB_Device_Library\Core\Src\usbd_core.o
 .debug_ranges  0x000006c0       0x78 Middlewares\ST\STM32_USB_Device_Library\Core\Src\usbd_ctlreq.o
 .debug_ranges  0x00000738       0x40 Middlewares\ST\STM32_USB_Device_Library\Core\Src\usbd_ioreq.o
 .debug_ranges  0x00000778       0x28 Src\gpio.o
 .debug_ranges  0x000007a0       0x20 Src\main.o
 .debug_ranges  0x000007c0       0x58 Src\stm32f1xx_hal_msp.o
 .debug_ranges  0x00000818       0x40 Src\stm32f1xx_it.o
 .debug_ranges  0x00000858       0x18 Src\system_stm32f1xx.o
 .debug_ranges  0x00000870       0x10 Src\usb_device.o
 .debug_ranges  0x00000880       0x30 Src\usbd_cdc_if.o
 .debug_ranges  0x000008b0      0x120 Src\usbd_conf.o
 .debug_ranges  0x000009d0       0x48 Src\usbd_desc.o
 .debug_ranges  0x00000a18       0x20 startup\startup_stm32f107xc.o

.debug_line     0x00000000     0x5610
 .debug_line    0x00000000      0x3ed Drivers\STM32F1xx_HAL_Driver\Src\stm32f1xx_hal.o
 .debug_line    0x000003ed      0x3e6 Drivers\STM32F1xx_HAL_Driver\Src\stm32f1xx_hal_cortex.o
 .debug_line    0x000007d3      0x6f6 Drivers\STM32F1xx_HAL_Driver\Src\stm32f1xx_hal_pcd.o
 .debug_line    0x00000ec9      0x285 Drivers\STM32F1xx_HAL_Driver\Src\stm32f1xx_hal_pcd_ex.o
 .debug_line    0x0000114e      0x5c7 Drivers\STM32F1xx_HAL_Driver\Src\stm32f1xx_hal_rcc.o
 .debug_line    0x00001715      0x443 Drivers\STM32F1xx_HAL_Driver\Src\stm32f1xx_hal_rcc_ex.o
 .debug_line    0x00001b58      0x8f8 Drivers\STM32F1xx_HAL_Driver\Src\stm32f1xx_ll_usb.o
 .debug_line    0x00002450      0x5cd Middlewares\ST\STM32_USB_Device_Library\Class\CDC\Src\usbd_cdc.o
 .debug_line    0x00002a1d      0x54b Middlewares\ST\STM32_USB_Device_Library\Core\Src\usbd_core.o
 .debug_line    0x00002f68      0x500 Middlewares\ST\STM32_USB_Device_Library\Core\Src\usbd_ctlreq.o
 .debug_line    0x00003468      0x3c2 Middlewares\ST\STM32_USB_Device_Library\Core\Src\usbd_ioreq.o
 .debug_line    0x0000382a      0x1d9 Src\gpio.o
 .debug_line    0x00003a03      0x391 Src\main.o
 .debug_line    0x00003d94      0x1ec Src\stm32f1xx_hal_msp.o
 .debug_line    0x00003f80      0x283 Src\stm32f1xx_it.o
 .debug_line    0x00004203      0x231 Src\system_stm32f1xx.o
 .debug_line    0x00004434      0x39d Src\usb_device.o
 .debug_line    0x000047d1      0x3be Src\usbd_cdc_if.o
 .debug_line    0x00004b8f      0x627 Src\usbd_conf.o
 .debug_line    0x000051b6      0x3db Src\usbd_desc.o
 .debug_line    0x00005591       0x7f startup\startup_stm32f107xc.o

.debug_str      0x00000000     0x35a1
 .debug_str     0x00000000      0x901 Drivers\STM32F1xx_HAL_Driver\Src\stm32f1xx_hal.o
                                0x965 (size before relaxing)
 .debug_str     0x00000901      0x3c5 Drivers\STM32F1xx_HAL_Driver\Src\stm32f1xx_hal_cortex.o
                                0xa79 (size before relaxing)
 .debug_str     0x00000cc6      0xabf Drivers\STM32F1xx_HAL_Driver\Src\stm32f1xx_hal_pcd.o
                                0xd88 (size before relaxing)
 .debug_str     0x00001785      0x18b Drivers\STM32F1xx_HAL_Driver\Src\stm32f1xx_hal_pcd_ex.o
                                0x79b (size before relaxing)
 .debug_str     0x00001910      0x3be Drivers\STM32F1xx_HAL_Driver\Src\stm32f1xx_hal_rcc.o
                                0x743 (size before relaxing)
 .debug_str     0x00001cce      0x1f1 Drivers\STM32F1xx_HAL_Driver\Src\stm32f1xx_hal_rcc_ex.o
                                0x5d9 (size before relaxing)
 .debug_str     0x00001ebf      0x42b Drivers\STM32F1xx_HAL_Driver\Src\stm32f1xx_ll_usb.o
                                0xcf8 (size before relaxing)
 .debug_str     0x000022ea      0xa41 Middlewares\ST\STM32_USB_Device_Library\Class\CDC\Src\usbd_cdc.o
                               0x110a (size before relaxing)
 .debug_str     0x00002d2b      0x2a0 Middlewares\ST\STM32_USB_Device_Library\Core\Src\usbd_core.o
                                0xd24 (size before relaxing)
 .debug_str     0x00002fcb      0x117 Middlewares\ST\STM32_USB_Device_Library\Core\Src\usbd_ctlreq.o
                                0xc3e (size before relaxing)
 .debug_str     0x000030e2       0x51 Middlewares\ST\STM32_USB_Device_Library\Core\Src\usbd_ioreq.o
                                0xb6b (size before relaxing)
 .debug_str     0x00003133       0x1b Src\gpio.o
                                0x2cd (size before relaxing)
 .debug_str     0x0000314e       0x47 Src\main.o
                                0x97a (size before relaxing)
 .debug_str     0x00003195       0x3f Src\stm32f1xx_hal_msp.o
                                0x307 (size before relaxing)
 .debug_str     0x000031d4       0xc8 Src\stm32f1xx_it.o
                                0x6b5 (size before relaxing)
 .debug_str     0x0000329c       0x80 Src\system_stm32f1xx.o
                                0x389 (size before relaxing)
 .debug_str     0x0000331c       0x40 Src\usb_device.o
                                0xb2e (size before relaxing)
 .debug_str     0x0000335c       0x7b Src\usbd_cdc_if.o
                                0xbfe (size before relaxing)
 .debug_str     0x000033d7       0x65 Src\usbd_conf.o
                               0x1793 (size before relaxing)
 .debug_str     0x0000343c      0x165 Src\usbd_desc.o
                                0x939 (size before relaxing)

.comment        0x00000000       0x7c
 .comment       0x00000000       0x7c Drivers\STM32F1xx_HAL_Driver\Src\stm32f1xx_hal.o
                                 0x7d (size before relaxing)
 .comment       0x0000007c       0x7d Drivers\STM32F1xx_HAL_Driver\Src\stm32f1xx_hal_cortex.o
 .comment       0x0000007c       0x7d Drivers\STM32F1xx_HAL_Driver\Src\stm32f1xx_hal_pcd.o
 .comment       0x0000007c       0x7d Drivers\STM32F1xx_HAL_Driver\Src\stm32f1xx_hal_pcd_ex.o
 .comment       0x0000007c       0x7d Drivers\STM32F1xx_HAL_Driver\Src\stm32f1xx_hal_rcc.o
 .comment       0x0000007c       0x7d Drivers\STM32F1xx_HAL_Driver\Src\stm32f1xx_hal_rcc_ex.o
 .comment       0x0000007c       0x7d Drivers\STM32F1xx_HAL_Driver\Src\stm32f1xx_ll_usb.o
 .comment       0x0000007c       0x7d Middlewares\ST\STM32_USB_Device_Library\Class\CDC\Src\usbd_cdc.o
 .comment       0x0000007c       0x7d Middlewares\ST\STM32_USB_Device_Library\Core\Src\usbd_core.o
 .comment       0x0000007c       0x7d Middlewares\ST\STM32_USB_Device_Library\Core\Src\usbd_ctlreq.o
 .comment       0x0000007c       0x7d Middlewares\ST\STM32_USB_Device_Library\Core\Src\usbd_ioreq.o
 .comment       0x0000007c       0x7d Src\gpio.o
 .comment       0x0000007c       0x7d Src\main.o
 .comment       0x0000007c       0x7d Src\stm32f1xx_hal_msp.o
 .comment       0x0000007c       0x7d Src\stm32f1xx_it.o
 .comment       0x0000007c       0x7d Src\system_stm32f1xx.o
 .comment       0x0000007c       0x7d Src\usb_device.o
 .comment       0x0000007c       0x7d Src\usbd_cdc_if.o
 .comment       0x0000007c       0x7d Src\usbd_conf.o
 .comment       0x0000007c       0x7d Src\usbd_desc.o

.debug_frame    0x00000000     0x1768
 .debug_frame   0x00000000      0x1d4 Drivers\STM32F1xx_HAL_Driver\Src\stm32f1xx_hal.o
 .debug_frame   0x000001d4      0x120 Drivers\STM32F1xx_HAL_Driver\Src\stm32f1xx_hal_cortex.o
 .debug_frame   0x000002f4      0x2c4 Drivers\STM32F1xx_HAL_Driver\Src\stm32f1xx_hal_pcd.o
 .debug_frame   0x000005b8       0x5c Drivers\STM32F1xx_HAL_Driver\Src\stm32f1xx_hal_pcd_ex.o
 .debug_frame   0x00000614      0x154 Drivers\STM32F1xx_HAL_Driver\Src\stm32f1xx_hal_rcc.o
 .debug_frame   0x00000768       0xf4 Drivers\STM32F1xx_HAL_Driver\Src\stm32f1xx_hal_rcc_ex.o
 .debug_frame   0x0000085c      0x444 Drivers\STM32F1xx_HAL_Driver\Src\stm32f1xx_ll_usb.o
 .debug_frame   0x00000ca0      0x168 Middlewares\ST\STM32_USB_Device_Library\Class\CDC\Src\usbd_cdc.o
 .debug_frame   0x00000e08      0x1c0 Middlewares\ST\STM32_USB_Device_Library\Core\Src\usbd_core.o
 .debug_frame   0x00000fc8       0xcc Middlewares\ST\STM32_USB_Device_Library\Core\Src\usbd_ctlreq.o
 .debug_frame   0x00001094       0xb0 Middlewares\ST\STM32_USB_Device_Library\Core\Src\usbd_ioreq.o
 .debug_frame   0x00001144       0x28 Src\gpio.o
 .debug_frame   0x0000116c       0x5c Src\main.o
 .debug_frame   0x000011c8       0x28 Src\stm32f1xx_hal_msp.o
 .debug_frame   0x000011f0       0xb0 Src\stm32f1xx_it.o
 .debug_frame   0x000012a0       0x3c Src\system_stm32f1xx.o
 .debug_frame   0x000012dc       0x30 Src\usb_device.o
 .debug_frame   0x0000130c       0x80 Src\usbd_cdc_if.o
 .debug_frame   0x0000138c      0x26c Src\usbd_conf.o
 .debug_frame   0x000015f8       0xc4 Src\usbd_desc.o
 .debug_frame   0x000016bc       0x2c c:/program files (x86)/atollic/truestudio for stm32 9.3.0/armtools/bin/../lib/gcc/arm-atollic-eabi/6.3.1/../../../../arm-atollic-eabi/lib/armv7-m\libc_nano.a(lib_a-init.o)
 .debug_frame   0x000016e8       0x20 c:/program files (x86)/atollic/truestudio for stm32 9.3.0/armtools/bin/../lib/gcc/arm-atollic-eabi/6.3.1/../../../../arm-atollic-eabi/lib/armv7-m\libc_nano.a(lib_a-memset.o)
 .debug_frame   0x00001708       0x2c c:/program files (x86)/atollic/truestudio for stm32 9.3.0/armtools/bin/../lib/gcc/arm-atollic-eabi/6.3.1/armv7-m\libgcc.a(_aeabi_uldivmod.o)
 .debug_frame   0x00001734       0x34 c:/program files (x86)/atollic/truestudio for stm32 9.3.0/armtools/bin/../lib/gcc/arm-atollic-eabi/6.3.1/armv7-m\libgcc.a(_udivmoddi4.o)
